concurrent.futures.process._RemoteTraceback: 
"""
Traceback (most recent call last):
  File "/home/a_morelli/.conda/envs/torch_gpu/lib/python3.10/site-packages/pandas/core/indexes/base.py", line 3812, in get_loc
    return self._engine.get_loc(casted_key)
  File "pandas/_libs/index.pyx", line 167, in pandas._libs.index.IndexEngine.get_loc
  File "pandas/_libs/index.pyx", line 196, in pandas._libs.index.IndexEngine.get_loc
  File "pandas/_libs/hashtable_class_helper.pxi", line 7088, in pandas._libs.hashtable.PyObjectHashTable.get_item
  File "pandas/_libs/hashtable_class_helper.pxi", line 7096, in pandas._libs.hashtable.PyObjectHashTable.get_item
KeyError: 'laterality'

The above exception was the direct cause of the following exception:

Traceback (most recent call last):
  File "/home/a_morelli/.conda/envs/torch_gpu/lib/python3.10/concurrent/futures/process.py", line 246, in _process_worker
    r = call_item.fn(*call_item.args, **call_item.kwargs)
  File "/home/a_morelli/vscode_projects/model_training/src/scripts/parallel_restructure_to_shards.py", line 201, in process_chunk_handedness
    "label": data[data['ident_projet'] == subject_id]['laterality'].values[0],
  File "/home/a_morelli/.conda/envs/torch_gpu/lib/python3.10/site-packages/pandas/core/frame.py", line 4113, in __getitem__
    indexer = self.columns.get_loc(key)
  File "/home/a_morelli/.conda/envs/torch_gpu/lib/python3.10/site-packages/pandas/core/indexes/base.py", line 3819, in get_loc
    raise KeyError(key) from err
KeyError: 'laterality'
"""

The above exception was the direct cause of the following exception:

Traceback (most recent call last):
  File "/home/a_morelli/.conda/envs/torch_gpu/lib/python3.10/runpy.py", line 196, in _run_module_as_main
    return _run_code(code, main_globals, None,
  File "/home/a_morelli/.conda/envs/torch_gpu/lib/python3.10/runpy.py", line 86, in _run_code
    exec(code, run_globals)
  File "/home/a_morelli/vscode_projects/model_training/src/scripts/parallel_restructure_to_shards.py", line 368, in <module>
    convert_to_wds_parallel(output_path,id_list,function=process_chunk_handedness,num_test_ids=None,data=split_data) 
  File "/home/a_morelli/vscode_projects/model_training/src/scripts/parallel_restructure_to_shards.py", line 305, in convert_to_wds_parallel
    future.result() 
  File "/home/a_morelli/.conda/envs/torch_gpu/lib/python3.10/concurrent/futures/_base.py", line 451, in result
    return self.__get_result()
  File "/home/a_morelli/.conda/envs/torch_gpu/lib/python3.10/concurrent/futures/_base.py", line 403, in __get_result
    raise self._exception
KeyError: 'laterality'
