Starting array task  on n04 with 32 CPUs
--- Slurm Task 0/0 ---
Total dataset size: 42681
Assigned to this node: 42681 subjects (indices 0 to 42680)
Using 32 local CPUs/Workers

----------------------------------------------
|                SLURM EPILOG                |
----------------------------------------------
Job ID: 4417620
Cluster: flamingo
User/Group: a_morelli/gs_hpc_u1018
Nodelist: n04
Nodes: 1
Cores per node: 32
Job started at: 2026-05-28 09:12:10
Job ended at:   2026-05-28 09:13:35
Job Wall-clock time: 00:01:25
CPU Utilized: 00:35:12
CPU Efficiency: 77.65% of 00:45:20 core-walltime
Memory Utilized: 1.67 GB
Memory Efficiency: 2.61% of 64.00 GB
