Traceback (most recent call last):
  File "/home/a_morelli/.conda/envs/torch_gpu/lib/python3.10/site-packages/pandas/core/indexes/base.py", line 3812, in get_loc
    return self._engine.get_loc(casted_key)
  File "pandas/_libs/index.pyx", line 167, in pandas._libs.index.IndexEngine.get_loc
  File "pandas/_libs/index.pyx", line 196, in pandas._libs.index.IndexEngine.get_loc
  File "pandas/_libs/hashtable_class_helper.pxi", line 7088, in pandas._libs.hashtable.PyObjectHashTable.get_item
  File "pandas/_libs/hashtable_class_helper.pxi", line 7096, in pandas._libs.hashtable.PyObjectHashTable.get_item
KeyError: 'id'

The above exception was the direct cause of the following exception:

Traceback (most recent call last):
  File "/home/a_morelli/.conda/envs/torch_gpu/lib/python3.10/runpy.py", line 196, in _run_module_as_main
    return _run_code(code, main_globals, None,
  File "/home/a_morelli/.conda/envs/torch_gpu/lib/python3.10/runpy.py", line 86, in _run_code
    exec(code, run_globals)
  File "/home/a_morelli/vscode_projects/model_training/src/scripts/parallel_restructure_to_shards.py", line 353, in <module>
    id_list = data[data['split'] == train_split]['id'].tolist()[:]
  File "/home/a_morelli/.conda/envs/torch_gpu/lib/python3.10/site-packages/pandas/core/frame.py", line 4113, in __getitem__
    indexer = self.columns.get_loc(key)
  File "/home/a_morelli/.conda/envs/torch_gpu/lib/python3.10/site-packages/pandas/core/indexes/base.py", line 3819, in get_loc
    raise KeyError(key) from err
KeyError: 'id'
