Starting array task 0 on n05 with 8 CPUs
--- Slurm Task 0/4 ---
Total dataset size: 5000
Assigned to this node: 1000 subjects (indices 0 to 999)
Using 8 local CPUs/Workers
[Worker 1] Starting conversion of 125 subjects...
# writing /mnt/beegfs01/scratch/a_morelli/model_training/sharded_test_parallel/worker1_shard-000000.tar 0 0.0 GB 0
[Worker 1] Processing 10/125
[Worker 1] Processing 20/125
[Worker 1] Processing 30/125
[Worker 1] Processing 40/125
[Worker 1] Processing 50/125
[Worker 1] Processing 60/125
[Worker 1] Processing 70/125
[Worker 1] Processing 80/125
[Worker 1] Processing 90/125
[Worker 1] Processing 100/125
[Worker 1] Processing 110/125
[Worker 1] Processing 120/125
[Worker 1] Complete!
[Worker 0] Starting conversion of 125 subjects...
# writing /mnt/beegfs01/scratch/a_morelli/model_training/sharded_test_parallel/worker0_shard-000000.tar 0 0.0 GB 0
[Worker 0] Processing 10/125
[Worker 0] Processing 20/125
[Worker 0] Processing 30/125
[Worker 0] Processing 40/125
[Worker 0] Processing 50/125
[Worker 0] Processing 60/125
[Worker 0] Processing 70/125
[Worker 0] Processing 80/125
[Worker 0] Processing 90/125
[Worker 0] Processing 100/125
[Worker 0] Processing 110/125
[Worker 0] Processing 120/125
[Worker 0] Complete!
[Worker 2] Starting conversion of 125 subjects...
# writing /mnt/beegfs01/scratch/a_morelli/model_training/sharded_test_parallel/worker2_shard-000000.tar 0 0.0 GB 0
[Worker 2] Processing 10/125
[Worker 2] Processing 20/125
[Worker 2] Processing 30/125
[Worker 2] Processing 40/125
[Worker 2] Processing 50/125
[Worker 2] Processing 60/125
[Worker 2] Processing 70/125
[Worker 2] Processing 80/125
[Worker 2] Processing 90/125
[Worker 2] Processing 100/125
[Worker 2] Processing 110/125
[Worker 2] Processing 120/125
[Worker 2] Complete!
[Worker 3] Starting conversion of 125 subjects...
# writing /mnt/beegfs01/scratch/a_morelli/model_training/sharded_test_parallel/worker3_shard-000000.tar 0 0.0 GB 0
[Worker 3] Processing 10/125
[Worker 3] Processing 20/125
[Worker 3] Processing 30/125
[Worker 3] Processing 40/125
[Worker 3] Processing 50/125
[Worker 3] Processing 60/125
[Worker 3] Processing 70/125
[Worker 3] Processing 80/125
[Worker 3] Processing 90/125
[Worker 3] Processing 100/125
[Worker 3] Processing 110/125
[Worker 3] Processing 120/125
[Worker 3] Complete!
[Worker 4] Starting conversion of 125 subjects...
# writing /mnt/beegfs01/scratch/a_morelli/model_training/sharded_test_parallel/worker4_shard-000000.tar 0 0.0 GB 0
[Worker 4] Processing 10/125
[Worker 4] Processing 20/125
[Worker 4] Processing 30/125
[Worker 4] Processing 40/125
[Worker 4] Processing 50/125
[Worker 4] Processing 60/125
[Worker 4] Processing 70/125
[Worker 4] Processing 80/125
[Worker 4] Processing 90/125
[Worker 4] Processing 100/125
[Worker 4] Processing 110/125
[Worker 4] Processing 120/125
[Worker 4] Complete!
[Worker 5] Starting conversion of 125 subjects...
# writing /mnt/beegfs01/scratch/a_morelli/model_training/sharded_test_parallel/worker5_shard-000000.tar 0 0.0 GB 0
[Worker 5] Processing 10/125
[Worker 5] Processing 20/125
[Worker 5] Processing 30/125
[Worker 5] Processing 40/125
[Worker 5] Processing 50/125
[Worker 5] Processing 60/125
[Worker 5] Processing 70/125
[Worker 5] Processing 80/125
[Worker 5] Processing 90/125
[Worker 5] Processing 100/125
[Worker 5] Processing 110/125
[Worker 5] Processing 120/125
[Worker 5] Complete!
[Worker 7] Starting conversion of 125 subjects...
# writing /mnt/beegfs01/scratch/a_morelli/model_training/sharded_test_parallel/worker7_shard-000000.tar 0 0.0 GB 0
[Worker 7] Processing 10/125
[Worker 7] Processing 20/125
[Worker 7] Processing 30/125
[Worker 7] Processing 40/125
[Worker 7] Processing 50/125
[Worker 7] Processing 60/125
[Worker 7] Processing 70/125
[Worker 7] Processing 80/125
[Worker 7] Processing 90/125
[Worker 7] Processing 100/125
[Worker 7] Processing 110/125
[Worker 7] Processing 120/125
[Worker 7] Complete!
[Worker 6] Starting conversion of 125 subjects...
# writing /mnt/beegfs01/scratch/a_morelli/model_training/sharded_test_parallel/worker6_shard-000000.tar 0 0.0 GB 0
[Worker 6] Processing 10/125
[Worker 6] Processing 20/125
[Worker 6] Processing 30/125
[Worker 6] Processing 40/125
[Worker 6] Processing 50/125
[Worker 6] Processing 60/125
[Worker 6] Processing 70/125
[Worker 6] Processing 80/125
[Worker 6] Processing 90/125
[Worker 6] Processing 100/125
[Worker 6] Processing 110/125
[Worker 6] Processing 120/125
[Worker 6] Complete!
==================================================
🔍 Inspecting: /mnt/beegfs01/scratch/a_morelli/model_training/sharded_test_parallel/worker19_shard-000000.tar
==================================================

[Test 1] Raw Tar Archive Contents (First 15 files):
  - F3D1N3J1.json (23 bytes)
  - F3D1N3J1.q1.X.png (6504 bytes)
  - F3D1N3J1.q1.hand.png (2966 bytes)
  - F3D1N3J1.q1.number_random.png (1618 bytes)
  - F3D1N3J1.q10.X.png (27302 bytes)
  - F3D1N3J1.q10.hand.png (3509 bytes)
  - F3D1N3J1.q10.number_random.png (14026 bytes)
  - F3D1N3J1.q2.X.png (6339 bytes)
  - F3D1N3J1.q2.hand.png (3312 bytes)
  - F3D1N3J1.q2.number_random.png (1962 bytes)
  - F3D1N3J1.q3.X.png (3052 bytes)
  - F3D1N3J1.q3.hand.png (3425 bytes)
  - F3D1N3J1.q3.number_random.png (1842 bytes)
  - F3D1N3J1.q9.X.png (8498 bytes)
  - F3D1N3J1.q9.hand.png (6028 bytes)
  ... and 3623 more files.

[Test 2] WebDataset Dictionary Grouping:
✅ Successfully loaded Sample Key: F3D1N3J1
  - json: {'subject': 'F3D1N3J1'}
  - q1.x.png: Valid Image -> Tensor Shape: [3, 337, 648]
  - q1.hand.png: Valid Image -> Tensor Shape: [3, 232, 296]
  - q1.number_random.png: Valid Image -> Tensor Shape: [3, 187, 178]
  - q10.x.png: Valid Image -> Tensor Shape: [3, 989, 1115]
  - q10.hand.png: Valid Image -> Tensor Shape: [3, 349, 415]
  - q10.number_random.png: Valid Image -> Tensor Shape: [3, 914, 721]
  - q2.x.png: Valid Image -> Tensor Shape: [3, 371, 628]
  - q2.hand.png: Valid Image -> Tensor Shape: [3, 238, 340]
  - q2.number_random.png: Valid Image -> Tensor Shape: [3, 215, 210]
  - q3.x.png: Valid Image -> Tensor Shape: [3, 268, 388]
  - q3.hand.png: Valid Image -> Tensor Shape: [3, 216, 381]
  - q3.number_random.png: Valid Image -> Tensor Shape: [3, 204, 167]
  - q9.x.png: Valid Image -> Tensor Shape: [3, 508, 541]
  - q9.hand.png: Valid Image -> Tensor Shape: [3, 386, 586]
  - q9.number_random.png: Valid Image -> Tensor Shape: [3, 498, 412]

----------------------------------------------
|                SLURM EPILOG                |
----------------------------------------------
Job ID: 4243909
Array Job ID: 4243907_0
Cluster: flamingo
User/Group: a_morelli/gs_hpc_u1018
Nodelist: n05
Nodes: 1
Cores per node: 8
Job started at: 2026-05-16 16:37:46
Job ended at:   2026-05-16 16:40:07
Job Wall-clock time: 00:02:21
CPU Utilized: 00:05:44
CPU Efficiency: 30.50% of 00:18:48 core-walltime
Memory Utilized: 517.03 MB
Memory Efficiency: 1.58% of 32.00 GB
