Starting array task 2 on n09 with 8 CPUs
--- Slurm Task 2/4 ---
Total dataset size: 5000
Assigned to this node: 1000 subjects (indices 2000 to 2999)
Using 8 local CPUs/Workers
[Worker 19] Starting conversion of 125 subjects...
# writing /mnt/beegfs01/scratch/a_morelli/model_training/sharded_test_parallel/worker19_shard-000000.tar 0 0.0 GB 0
[Worker 19] Processing 10/125
[Worker 19] Processing 20/125
[Worker 19] Processing 30/125
[Worker 19] Processing 40/125
[Worker 19] Processing 50/125
[Worker 19] Processing 60/125
[Worker 19] Processing 70/125
[Worker 19] Processing 80/125
[Worker 19] Processing 90/125
[Worker 19] Processing 100/125
[Worker 19] Processing 110/125
[Worker 19] Processing 120/125
[Worker 19] Complete!
[Worker 22] Starting conversion of 125 subjects...
# writing /mnt/beegfs01/scratch/a_morelli/model_training/sharded_test_parallel/worker22_shard-000000.tar 0 0.0 GB 0
[Worker 22] Processing 10/125
[Worker 22] Processing 20/125
[Worker 22] Processing 30/125
[Worker 22] Processing 40/125
[Worker 22] Processing 50/125
[Worker 22] Processing 60/125
[Worker 22] Processing 70/125
[Worker 22] Processing 80/125
[Worker 22] Processing 90/125
[Worker 22] Processing 100/125
[Worker 22] Processing 110/125
[Worker 22] Processing 120/125
[Worker 22] Complete!
[Worker 17] Starting conversion of 125 subjects...
# writing /mnt/beegfs01/scratch/a_morelli/model_training/sharded_test_parallel/worker17_shard-000000.tar 0 0.0 GB 0
[Worker 17] Processing 10/125
[Worker 17] Processing 20/125
[Worker 17] Processing 30/125
[Worker 17] Processing 40/125
[Worker 17] Processing 50/125
[Worker 17] Processing 60/125
[Worker 17] Processing 70/125
[Worker 17] Processing 80/125
[Worker 17] Processing 90/125
[Worker 17] Processing 100/125
[Worker 17] Processing 110/125
[Worker 17] Processing 120/125
[Worker 17] Complete!
[Worker 23] Starting conversion of 125 subjects...
# writing /mnt/beegfs01/scratch/a_morelli/model_training/sharded_test_parallel/worker23_shard-000000.tar 0 0.0 GB 0
[Worker 23] Processing 10/125
[Worker 23] Processing 20/125
[Worker 23] Processing 30/125
[Worker 23] Processing 40/125
[Worker 23] Processing 50/125
[Worker 23] Processing 60/125
[Worker 23] Processing 70/125
[Worker 23] Processing 80/125
[Worker 23] Processing 90/125
[Worker 23] Processing 100/125
[Worker 23] Processing 110/125
[Worker 23] Processing 120/125
[Worker 23] Complete!
[Worker 21] Starting conversion of 125 subjects...
# writing /mnt/beegfs01/scratch/a_morelli/model_training/sharded_test_parallel/worker21_shard-000000.tar 0 0.0 GB 0
[Worker 21] Processing 10/125
[Worker 21] Processing 20/125
[Worker 21] Processing 30/125
[Worker 21] Processing 40/125
[Worker 21] Processing 50/125
[Worker 21] Processing 60/125
[Worker 21] Processing 70/125
[Worker 21] Processing 80/125
[Worker 21] Processing 90/125
[Worker 21] Processing 100/125
[Worker 21] Processing 110/125
[Worker 21] Processing 120/125
[Worker 21] Complete!
[Worker 16] Starting conversion of 125 subjects...
# writing /mnt/beegfs01/scratch/a_morelli/model_training/sharded_test_parallel/worker16_shard-000000.tar 0 0.0 GB 0
[Worker 16] Processing 10/125
[Worker 16] Processing 20/125
[Worker 16] Processing 30/125
[Worker 16] Processing 40/125
[Worker 16] Processing 50/125
[Worker 16] Processing 60/125
[Worker 16] Processing 70/125
[Worker 16] Processing 80/125
[Worker 16] Processing 90/125
[Worker 16] Processing 100/125
[Worker 16] Processing 110/125
[Worker 16] Processing 120/125
[Worker 16] Complete!
[Worker 20] Starting conversion of 125 subjects...
# writing /mnt/beegfs01/scratch/a_morelli/model_training/sharded_test_parallel/worker20_shard-000000.tar 0 0.0 GB 0
[Worker 20] Processing 10/125
[Worker 20] Processing 20/125
[Worker 20] Processing 30/125
[Worker 20] Processing 40/125
[Worker 20] Processing 50/125
[Worker 20] Processing 60/125
[Worker 20] Processing 70/125
[Worker 20] Processing 80/125
[Worker 20] Processing 90/125
[Worker 20] Processing 100/125
[Worker 20] Processing 110/125
[Worker 20] Processing 120/125
[Worker 20] Complete!
[Worker 18] Starting conversion of 125 subjects...
# writing /mnt/beegfs01/scratch/a_morelli/model_training/sharded_test_parallel/worker18_shard-000000.tar 0 0.0 GB 0
[Worker 18] Processing 10/125
[Worker 18] Processing 20/125
[Worker 18] Processing 30/125
[Worker 18] Processing 40/125
[Worker 18] Processing 50/125
[Worker 18] Processing 60/125
[Worker 18] Processing 70/125
[Worker 18] Processing 80/125
[Worker 18] Processing 90/125
[Worker 18] Processing 100/125
[Worker 18] Processing 110/125
[Worker 18] Processing 120/125
[Worker 18] Complete!

----------------------------------------------
|                SLURM EPILOG                |
----------------------------------------------
Job ID: 4243911
Array Job ID: 4243907_2
Cluster: flamingo
User/Group: a_morelli/gs_hpc_u1018
Nodelist: n09
Nodes: 1
Cores per node: 8
Job started at: 2026-05-16 16:37:47
Job ended at:   2026-05-16 16:40:10
Job Wall-clock time: 00:02:23
CPU Utilized: 00:06:58
CPU Efficiency: 36.54% of 00:19:04 core-walltime
Memory Utilized: 517.49 MB
Memory Efficiency: 1.58% of 32.00 GB
