Starting array task 3 on n11 with 8 CPUs
--- Slurm Task 3/4 ---
Total dataset size: 5000
Assigned to this node: 1000 subjects (indices 3000 to 3999)
Using 8 local CPUs/Workers
[Worker 27] Starting conversion of 125 subjects...
# writing /mnt/beegfs01/scratch/a_morelli/model_training/sharded_test_parallel/worker27_shard-000000.tar 0 0.0 GB 0
[Worker 27] Processing 10/125
[Worker 27] Processing 20/125
[Worker 27] Processing 30/125
[Worker 27] Processing 40/125
[Worker 27] Processing 50/125
[Worker 27] Processing 60/125
[Worker 27] Processing 70/125
[Worker 27] Processing 80/125
[Worker 27] Processing 90/125
[Worker 27] Processing 100/125
[Worker 27] Processing 110/125
[Worker 27] Processing 120/125
[Worker 27] Complete!
[Worker 24] Starting conversion of 125 subjects...
# writing /mnt/beegfs01/scratch/a_morelli/model_training/sharded_test_parallel/worker24_shard-000000.tar 0 0.0 GB 0
[Worker 24] Processing 10/125
[Worker 24] Processing 20/125
[Worker 24] Processing 30/125
[Worker 24] Processing 40/125
[Worker 24] Processing 50/125
[Worker 24] Processing 60/125
[Worker 24] Processing 70/125
[Worker 24] Processing 80/125
[Worker 24] Processing 90/125
[Worker 24] Processing 100/125
[Worker 24] Processing 110/125
[Worker 24] Processing 120/125
[Worker 24] Complete!
[Worker 31] Starting conversion of 125 subjects...
# writing /mnt/beegfs01/scratch/a_morelli/model_training/sharded_test_parallel/worker31_shard-000000.tar 0 0.0 GB 0
[Worker 31] Processing 10/125
[Worker 31] Processing 20/125
[Worker 31] Processing 30/125
[Worker 31] Processing 40/125
[Worker 31] Processing 50/125
[Worker 31] Processing 60/125
[Worker 31] Processing 70/125
[Worker 31] Processing 80/125
[Worker 31] Processing 90/125
[Worker 31] Processing 100/125
[Worker 31] Processing 110/125
[Worker 31] Processing 120/125
[Worker 31] Complete!
[Worker 25] Starting conversion of 125 subjects...
# writing /mnt/beegfs01/scratch/a_morelli/model_training/sharded_test_parallel/worker25_shard-000000.tar 0 0.0 GB 0
[Worker 25] Processing 10/125
[Worker 25] Processing 20/125
[Worker 25] Processing 30/125
[Worker 25] Processing 40/125
[Worker 25] Processing 50/125
[Worker 25] Processing 60/125
[Worker 25] Processing 70/125
[Worker 25] Processing 80/125
[Worker 25] Processing 90/125
[Worker 25] Processing 100/125
[Worker 25] Processing 110/125
[Worker 25] Processing 120/125
[Worker 25] Complete!
[Worker 28] Starting conversion of 125 subjects...
# writing /mnt/beegfs01/scratch/a_morelli/model_training/sharded_test_parallel/worker28_shard-000000.tar 0 0.0 GB 0
[Worker 28] Processing 10/125
[Worker 28] Processing 20/125
[Worker 28] Processing 30/125
[Worker 28] Processing 40/125
[Worker 28] Processing 50/125
[Worker 28] Processing 60/125
[Worker 28] Processing 70/125
[Worker 28] Processing 80/125
[Worker 28] Processing 90/125
[Worker 28] Processing 100/125
[Worker 28] Processing 110/125
[Worker 28] Processing 120/125
[Worker 28] Complete!
[Worker 30] Starting conversion of 125 subjects...
# writing /mnt/beegfs01/scratch/a_morelli/model_training/sharded_test_parallel/worker30_shard-000000.tar 0 0.0 GB 0
[Worker 30] Processing 10/125
[Worker 30] Processing 20/125
[Worker 30] Processing 30/125
[Worker 30] Processing 40/125
[Worker 30] Processing 50/125
[Worker 30] Processing 60/125
[Worker 30] Processing 70/125
[Worker 30] Processing 80/125
[Worker 30] Processing 90/125
[Worker 30] Processing 100/125
[Worker 30] Processing 110/125
[Worker 30] Processing 120/125
[Worker 30] Complete!
[Worker 29] Starting conversion of 125 subjects...
# writing /mnt/beegfs01/scratch/a_morelli/model_training/sharded_test_parallel/worker29_shard-000000.tar 0 0.0 GB 0
[Worker 29] Processing 10/125
[Worker 29] Processing 20/125
[Worker 29] Processing 30/125
[Worker 29] Processing 40/125
[Worker 29] Processing 50/125
[Worker 29] Processing 60/125
[Worker 29] Processing 70/125
[Worker 29] Processing 80/125
[Worker 29] Processing 90/125
[Worker 29] Processing 100/125
[Worker 29] Processing 110/125
[Worker 29] Processing 120/125
[Worker 29] Complete!
[Worker 26] Starting conversion of 125 subjects...
# writing /mnt/beegfs01/scratch/a_morelli/model_training/sharded_test_parallel/worker26_shard-000000.tar 0 0.0 GB 0
[Worker 26] Processing 10/125
[Worker 26] Processing 20/125
[Worker 26] Processing 30/125
[Worker 26] Processing 40/125
[Worker 26] Processing 50/125
[Worker 26] Processing 60/125
[Worker 26] Processing 70/125
[Worker 26] Processing 80/125
[Worker 26] Processing 90/125
[Worker 26] Processing 100/125
[Worker 26] Processing 110/125
[Worker 26] Processing 120/125
[Worker 26] Complete!

----------------------------------------------
|                SLURM EPILOG                |
----------------------------------------------
Job ID: 4243912
Array Job ID: 4243907_3
Cluster: flamingo
User/Group: a_morelli/gs_hpc_u1018
Nodelist: n11
Nodes: 1
Cores per node: 8
Job started at: 2026-05-16 16:37:47
Job ended at:   2026-05-16 16:40:34
Job Wall-clock time: 00:02:47
CPU Utilized: 00:09:33
CPU Efficiency: 42.89% of 00:22:16 core-walltime
Memory Utilized: 544.81 MB
Memory Efficiency: 1.66% of 32.00 GB
