Starting array task  on n03 with 32 CPUs
--- Slurm Task 0/0 ---
Total dataset size: 42681
Assigned to this node: 42681 subjects (indices 0 to 42680)
Using 32 local CPUs/Workers
[Worker 5] Starting conversion of 1334 subjects...
# writing /mnt/beegfs02/scratch/a_morelli/model_training/handedness/png_resized_padded/train/worker5_shard-000000.tar 0 0.0 GB 0
[Worker 21] Starting conversion of 1334 subjects...
# writing /mnt/beegfs02/scratch/a_morelli/model_training/handedness/png_resized_padded/train/worker21_shard-000000.tar 0 0.0 GB 0
[Worker 2] Starting conversion of 1334 subjects...
# writing /mnt/beegfs02/scratch/a_morelli/model_training/handedness/png_resized_padded/train/worker2_shard-000000.tar 0 0.0 GB 0
[Worker 4] Starting conversion of 1334 subjects...
# writing /mnt/beegfs02/scratch/a_morelli/model_training/handedness/png_resized_padded/train/worker4_shard-000000.tar 0 0.0 GB 0
[Worker 12] Starting conversion of 1334 subjects...
# writing /mnt/beegfs02/scratch/a_morelli/model_training/handedness/png_resized_padded/train/worker12_shard-000000.tar 0 0.0 GB 0
[Worker 0] Starting conversion of 1334 subjects...
# writing /mnt/beegfs02/scratch/a_morelli/model_training/handedness/png_resized_padded/train/worker0_shard-000000.tar 0 0.0 GB 0
[Worker 13] Starting conversion of 1334 subjects...
# writing /mnt/beegfs02/scratch/a_morelli/model_training/handedness/png_resized_padded/train/worker13_shard-000000.tar 0 0.0 GB 0
[Worker 3] Starting conversion of 1334 subjects...
# writing /mnt/beegfs02/scratch/a_morelli/model_training/handedness/png_resized_padded/train/worker3_shard-000000.tar 0 0.0 GB 0
[Worker 30] Starting conversion of 1334 subjects...
# writing /mnt/beegfs02/scratch/a_morelli/model_training/handedness/png_resized_padded/train/worker30_shard-000000.tar 0 0.0 GB 0
[Worker 7] Starting conversion of 1334 subjects...
# writing /mnt/beegfs02/scratch/a_morelli/model_training/handedness/png_resized_padded/train/worker7_shard-000000.tar 0 0.0 GB 0
[Worker 29] Starting conversion of 1334 subjects...
# writing /mnt/beegfs02/scratch/a_morelli/model_training/handedness/png_resized_padded/train/worker29_shard-000000.tar 0 0.0 GB 0
[Worker 26] Starting conversion of 1334 subjects...
# writing /mnt/beegfs02/scratch/a_morelli/model_training/handedness/png_resized_padded/train/worker26_shard-000000.tar 0 0.0 GB 0
[Worker 24] Starting conversion of 1334 subjects...
# writing /mnt/beegfs02/scratch/a_morelli/model_training/handedness/png_resized_padded/train/worker24_shard-000000.tar 0 0.0 GB 0
[Worker 8] Starting conversion of 1334 subjects...
# writing /mnt/beegfs02/scratch/a_morelli/model_training/handedness/png_resized_padded/train/worker8_shard-000000.tar 0 0.0 GB 0
[Worker 15] Starting conversion of 1334 subjects...
# writing /mnt/beegfs02/scratch/a_morelli/model_training/handedness/png_resized_padded/train/worker15_shard-000000.tar 0 0.0 GB 0
[Worker 10] Starting conversion of 1334 subjects...
# writing /mnt/beegfs02/scratch/a_morelli/model_training/handedness/png_resized_padded/train/worker10_shard-000000.tar 0 0.0 GB 0
[Worker 1] Starting conversion of 1334 subjects...
# writing /mnt/beegfs02/scratch/a_morelli/model_training/handedness/png_resized_padded/train/worker1_shard-000000.tar 0 0.0 GB 0
[Worker 18] Starting conversion of 1334 subjects...
# writing /mnt/beegfs02/scratch/a_morelli/model_training/handedness/png_resized_padded/train/worker18_shard-000000.tar 0 0.0 GB 0
[Worker 27] Starting conversion of 1334 subjects...
# writing /mnt/beegfs02/scratch/a_morelli/model_training/handedness/png_resized_padded/train/worker27_shard-000000.tar 0 0.0 GB 0
[Worker 31] Starting conversion of 1327 subjects...
# writing /mnt/beegfs02/scratch/a_morelli/model_training/handedness/png_resized_padded/train/worker31_shard-000000.tar 0 0.0 GB 0
[Worker 22] Starting conversion of 1334 subjects...
# writing /mnt/beegfs02/scratch/a_morelli/model_training/handedness/png_resized_padded/train/worker22_shard-000000.tar 0 0.0 GB 0
[Worker 19] Starting conversion of 1334 subjects...
# writing /mnt/beegfs02/scratch/a_morelli/model_training/handedness/png_resized_padded/train/worker19_shard-000000.tar 0 0.0 GB 0
[Worker 17] Starting conversion of 1334 subjects...
# writing /mnt/beegfs02/scratch/a_morelli/model_training/handedness/png_resized_padded/train/worker17_shard-000000.tar 0 0.0 GB 0
[Worker 16] Starting conversion of 1334 subjects...
# writing /mnt/beegfs02/scratch/a_morelli/model_training/handedness/png_resized_padded/train/worker16_shard-000000.tar 0 0.0 GB 0
[Worker 28] Starting conversion of 1334 subjects...
# writing /mnt/beegfs02/scratch/a_morelli/model_training/handedness/png_resized_padded/train/worker28_shard-000000.tar 0 0.0 GB 0
[Worker 6] Starting conversion of 1334 subjects...
# writing /mnt/beegfs02/scratch/a_morelli/model_training/handedness/png_resized_padded/train/worker6_shard-000000.tar 0 0.0 GB 0
[Worker 11] Starting conversion of 1334 subjects...
# writing /mnt/beegfs02/scratch/a_morelli/model_training/handedness/png_resized_padded/train/worker11_shard-000000.tar 0 0.0 GB 0
[Worker 9] Starting conversion of 1334 subjects...
# writing /mnt/beegfs02/scratch/a_morelli/model_training/handedness/png_resized_padded/train/worker9_shard-000000.tar 0 0.0 GB 0
[Worker 25] Starting conversion of 1334 subjects...
# writing /mnt/beegfs02/scratch/a_morelli/model_training/handedness/png_resized_padded/train/worker25_shard-000000.tar 0 0.0 GB 0
[Worker 14] Starting conversion of 1334 subjects...
# writing /mnt/beegfs02/scratch/a_morelli/model_training/handedness/png_resized_padded/train/worker14_shard-000000.tar 0 0.0 GB 0
[Worker 23] Starting conversion of 1334 subjects...
# writing /mnt/beegfs02/scratch/a_morelli/model_training/handedness/png_resized_padded/train/worker23_shard-000000.tar 0 0.0 GB 0
[Worker 20] Starting conversion of 1334 subjects...
# writing /mnt/beegfs02/scratch/a_morelli/model_training/handedness/png_resized_padded/train/worker20_shard-000000.tar 0 0.0 GB 0

----------------------------------------------
|                SLURM EPILOG                |
----------------------------------------------
Job ID: 4271439
Cluster: flamingo
User/Group: a_morelli/gs_hpc_u1018
Nodelist: n03
Nodes: 1
Cores per node: 32
Job started at: 2026-05-18 17:52:02
Job ended at:   2026-05-18 17:52:18
Job Wall-clock time: 00:00:16
CPU Utilized: 00:00:10
CPU Efficiency: 1.95% of 00:08:32 core-walltime
Memory Utilized: 21.41 MB
Memory Efficiency: 0.03% of 64.00 GB
